ASxxxx Linker V03.00 + NoICE + sdld,  page 1.
Hexadecimal  [32-Bits]

Area                                    Addr        Size        Decimal Bytes (Attributes)
--------------------------------        ----        ----        ------- ----- ------------
.  .ABS.                            00000000    00000000 =           0. bytes (ABS,CON)

      Value  Global                              Global Defined In Module
      -----  --------------------------------   ------------------------
     00000000  .__.ABS.                           
     00000000  _g_SUBRID                          bios
     00000000  l__BSEG                         
     00000000  l__BSS                          
     00000000  l__CABS                         
     00000000  l__DABS                         
     00000000  l__GSFINAL                      
     00000000  l__GSINIT                       
     00000000  l__HEADER                       
     00000000  l__HEADER0                      
     00000000  l__HEAP                         
     00000000  l__RODATA                       
     00000000  s__CABS                         
     00000000  s__DABS                         
     00000000  s__HEADER                       
     00000000  s__HEADER0                      
     00000002  _g_STRSRC                          bios
     00000004  _g_CGTABL                          bios
     00000006  _g_VDP_DR                          bios
     00000007  _g_VDP_DW                          bios
     0000000C  l__INITIALIZED                  
     0000000C  l__INITIALIZER                  
     0000002B  _g_BASRVN                          bios
     0000002B  _g_ROMVersion                      bios
     0000002D  _g_MSXVER                          bios
     0000002E  _g_MSXMID                          bios
     00000034  _g_CHAR_16                         bios
     00000089  l__DATA                         
     00000221  l__HOME                         
     00004000  s__CODE                         
     00005F5D  l__CODE                         
     00009F5D  s__HOME                         
     0000A17E  s__INITIALIZER                  
     0000A17E  s__RODATA                       
     0000A18A  s__GSFINAL                      
     0000A18A  s__GSINIT                       
     0000C000  s__DATA                         
     0000C089  s__INITIALIZED                  
     0000C095  s__BSEG                         
     0000C095  s__BSS                          
     0000C095  s__HEAP                         
     0000F30F  _g_KANJTABLE                       bios
     0000F323  _g_DISKVE                          bios
     0000F325  _g_BREAKV                          bios
     0000F341  _g_RAMAD0                          bios
     0000F342  _g_RAMAD1                          bios
     0000F343  _g_RAMAD2                          bios
     0000F344  _g_RAMAD3                          bios
     0000F348  _g_MASTER                          bios
     0000F37D  _g_BDOS                            bios
ASxxxx Linker V03.00 + NoICE + sdld,  page 2.
Hexadecimal  [32-Bits]

Area                                    Addr        Size        Decimal Bytes (Attributes)
--------------------------------        ----        ----        ------- ----- ------------
.  .ABS.                            00000000    00000000 =           0. bytes (ABS,CON)

      Value  Global                              Global Defined In Module
      -----  --------------------------------   ------------------------
     0000F380  _g_RDPRIM                          system
     0000F385  _g_WRPRIM                          system
     0000F38C  _g_CLPRIM                          system
     0000F39A  _g_USRTAB                          system
     0000F3AE  _g_LINL40                          system
     0000F3AF  _g_LINL32                          system
     0000F3B0  _g_LINLEN                          system
     0000F3B1  _g_CRTCNT                          system
     0000F3B2  _g_CLMLST                          system
     0000F3B3  _g_TXTNAM                          system
     0000F3B5  _g_TXTCOL                          system
     0000F3B7  _g_TXTCGP                          system
     0000F3B9  _g_TXTATR                          system
     0000F3BB  _g_TXTPAT                          system
     0000F3BD  _g_T32NAM                          system
     0000F3BF  _g_T32COL                          system
     0000F3C1  _g_T32CGP                          system
     0000F3C3  _g_T32ATR                          system
     0000F3C5  _g_T32PAT                          system
     0000F3C7  _g_GRPNAM                          system
     0000F3C9  _g_GRPCOL                          system
     0000F3CB  _g_GRPCGP                          system
     0000F3CD  _g_GRPATR                          system
     0000F3CF  _g_GRPPAT                          system
     0000F3D1  _g_MLTNAM                          system
     0000F3D3  _g_MLTCOL                          system
     0000F3D5  _g_MLTCGP                          system
     0000F3D7  _g_MLTATR                          system
     0000F3D9  _g_MLTPAT                          system
     0000F3DB  _g_CLIKSW                          system
     0000F3DC  _g_CSRY                            system
     0000F3DD  _g_CSRX                            system
     0000F3DE  _g_CNSDFG                          system
     0000F3DF  _g_RG0SAV                          system
     0000F3E0  _g_RG1SAV                          system
     0000F3E1  _g_RG2SAV                          system
     0000F3E2  _g_RG3SAV                          system
     0000F3E3  _g_RG4SAV                          system
     0000F3E4  _g_RG5SAV                          system
     0000F3E5  _g_RG6SAV                          system
     0000F3E6  _g_RG7SAV                          system
     0000F3E7  _g_STATFL                          system
     0000F3E8  _g_TRGFLG                          system
     0000F3E9  _g_FORCLR                          system
     0000F3EA  _g_BAKCLR                          system
     0000F3EB  _g_BDRCLR                          system
     0000F3EC  _g_MAXUPD                          system
     0000F3EF  _g_MINUPD                          system
     0000F3F2  _g_ATRBYT                          system
     0000F3F3  _g_QUEUES                          system
     0000F3F5  _g_FRCNEW                          system
ASxxxx Linker V03.00 + NoICE + sdld,  page 3.
Hexadecimal  [32-Bits]

Area                                    Addr        Size        Decimal Bytes (Attributes)
--------------------------------        ----        ----        ------- ----- ------------
.  .ABS.                            00000000    00000000 =           0. bytes (ABS,CON)

      Value  Global                              Global Defined In Module
      -----  --------------------------------   ------------------------
     0000F3F6  _g_SCNCNT                          system
     0000F3F7  _g_REPCNT                          system
     0000F3F8  _g_PUTPNT                          system
     0000F3FA  _g_GETPNT                          system
     0000F3FC  _g_CS120                           system
     0000F401  _g_CS240                           system
     0000F406  _g_LOW                             system
     0000F408  _g_HIGH                            system
     0000F40A  _g_HEADER                          system
     0000F40B  _g_ASPCT1                          system
     0000F40D  _g_ASPCT2                          system
     0000F87F  _g_FNKSTR                          system
     0000F92A  _g_CLOC                            system
     0000F92C  _g_CMASK                           system
     0000F959  _g_QUETAB                          system
     0000F971  _g_QUEBAK                          system
     0000F975  _g_VOICAQ                          system
     0000F9F5  _g_VOICBQ                          system
     0000FA75  _g_VOICCQ                          system
     0000FAF5  _g_DPPAGE                          system
     0000FAF5  _g_RS2IQ                           system
     0000FAF6  _g_ACPAGE                          system
     0000FAF7  _g_AVCSAV                          system
     0000FAF8  _g_EXBRSA                          system
     0000FAF9  _g_CHRCNT                          system
     0000FAFA  _g_ROMA                            system
     0000FAFC  _g_MODE                            system
     0000FAFD  _g_NORUSE                          system
     0000FAFE  _g_XSAVE                           system
     0000FB00  _g_YSAVE                           system
     0000FB02  _g_LOGOPR                          system
     0000FB03  _g_RSTMP                           system
     0000FB03  _g_TOCNT                           system
     0000FB04  _g_RSFCB                           system
     0000FB06  _g_RSIQLN                          system
     0000FB07  _g_MEXBIh                          system
     0000FB0C  _g_OLDINT                          system
     0000FB0C  _g_OLDSTT                          system
     0000FB16  _g_DEVNUM                          system
     0000FB17  _g_DATCNT                          system
     0000FB1A  _g_ERRORS                          system
     0000FB1B  _g_FLAGS                           system
     0000FB1C  _g_ESTBLS                          system
     0000FB1D  _g_COMMSK                          system
     0000FB1E  _g_LSTCOM                          system
     0000FB1F  _g_LSTMOD                          system
     0000FB35  _g_PRSCNT                          system
     0000FB36  _g_SAVSP                           system
     0000FB38  _g_VOICEN                          system
     0000FB39  _g_SAVVOL                          system
     0000FB3B  _g_MCLLEN                          system
ASxxxx Linker V03.00 + NoICE + sdld,  page 4.
Hexadecimal  [32-Bits]

Area                                    Addr        Size        Decimal Bytes (Attributes)
--------------------------------        ----        ----        ------- ----- ------------
.  .ABS.                            00000000    00000000 =           0. bytes (ABS,CON)

      Value  Global                              Global Defined In Module
      -----  --------------------------------   ------------------------
     0000FB3C  _g_MCLPTR                          system
     0000FB3E  _g_QUEUEN                          system
     0000FB3F  _g_MUSICF                          system
     0000FB40  _g_PLYCNT                          system
     0000FB41  _g_VCBA                            system
     0000FB66  _g_VCBB                            system
     0000FB8B  _g_VCBC                            system
     0000FBB0  _g_ENSTOP                          system
     0000FBB1  _g_BASROM                          system
     0000FBB2  _g_LINTTB                          system
     0000FBCA  _g_FSTPOS                          system
     0000FBCC  _g_CODSAV                          system
     0000FBCD  _g_FNKSWI                          system
     0000FBCE  _g_FNKFLG                          system
     0000FBD8  _g_ONGSBF                          system
     0000FBD9  _g_CLIKFL                          system
     0000FBDA  _g_OLDKEY                          system
     0000FBE5  _g_NEWKEY                          system
     0000FBF0  _g_KEYBUF                          system
     0000FC18  _g_LINWRK                          system
     0000FC40  _g_PATWRK                          system
     0000FC48  _g_BOTTOM                          system
     0000FC4A  _g_HIMEM                           system
     0000FC4C  _g_TRPTBL                          system
     0000FC9A  _g_RTYCNT                          system
     0000FC9B  _g_INTFLG                          system
     0000FC9C  _g_PADY                            system
     0000FC9D  _g_PADX                            system
     0000FC9E  _g_JIFFY                           system
     0000FCA0  _g_INTVAL                          system
     0000FCA2  _g_INTCNT                          system
     0000FCA4  _g_LOWLIM                          system
     0000FCA5  _g_WINWID                          system
     0000FCA6  _g_GRPHED                          system
     0000FCA7  _g_ESCCNT                          system
     0000FCA8  _g_INSFLG                          system
     0000FCA9  _g_CSRSW                           system
     0000FCAA  _g_CSTYLE                          system
     0000FCAB  _g_CAPST                           system
     0000FCAC  _g_KANAST                          system
     0000FCAD  _g_KANAMD                          system
     0000FCAE  _g_FLBMEM                          system
     0000FCAF  _g_SCRMOD                          system
     0000FCB0  _g_OLDSCR                          system
     0000FCB1  _g_CASPRV                          system
     0000FCB2  _g_BRDATR                          system
     0000FCB3  _g_GXPOS                           system
     0000FCB5  _g_GYPOS                           system
     0000FCB7  _g_GRPACX                          system
     0000FCB9  _g_GRPACY                          system
     0000FCBB  _g_DRWFLG                          system
ASxxxx Linker V03.00 + NoICE + sdld,  page 5.
Hexadecimal  [32-Bits]

Area                                    Addr        Size        Decimal Bytes (Attributes)
--------------------------------        ----        ----        ------- ----- ------------
.  .ABS.                            00000000    00000000 =           0. bytes (ABS,CON)

      Value  Global                              Global Defined In Module
      -----  --------------------------------   ------------------------
     0000FCBC  _g_DRWSCL                          system
     0000FCBD  _g_DRWANG                          system
     0000FCC1  _g_EXPTBL                          system
     0000FCC1  _g_MNROM                           system
     0000FCC5  _g_SLTTBL                          system
     0000FCC9  _g_SLTATR                          system
     0000FD09  _g_SLTWRK                          system
     0000FD89  _g_PROCNM                          system
     0000FFE7  _g_RG08SAV                         system
     0000FFE8  _g_RG09SAV                         system
     0000FFE9  _g_RG10SAV                         system
     0000FFEA  _g_RG11SAV                         system
     0000FFEB  _g_RG12SAV                         system
     0000FFEC  _g_RG13SAV                         system
     0000FFED  _g_RG14SAV                         system
     0000FFEE  _g_RG15SAV                         system
     0000FFEF  _g_RG16SAV                         system
     0000FFF0  _g_RG17SAV                         system
     0000FFF1  _g_RG18SAV                         system
     0000FFF2  _g_RG19SAV                         system
     0000FFF3  _g_RG20SAV                         system
     0000FFF4  _g_RG21SAV                         system
     0000FFF5  _g_RG22SAV                         system
     0000FFF6  _g_RG23SAV                         system
     0000FFF7  _g_MINROM                          system
     0000FFF8  _g_SVFFF8                          system
     0000FFFA  _g_RG25SAV                         system
     0000FFFB  _g_RG26SAV                         system
     0000FFFC  _g_RG27SAV                         system
     0000FFFD  _g_SVFFFD                          system
     0000FFFF  _g_SLTSL                           system
ASxxxx Linker V03.00 + NoICE + sdld,  page 6.
Hexadecimal  [32-Bits]

Area                                    Addr        Size        Decimal Bytes (Attributes)
--------------------------------        ----        ----        ------- ----- ------------
_CODE                               00004000    00005F5D =       24413. bytes (REL,CON)

      Value  Global                              Global Defined In Module
      -----  --------------------------------   ------------------------
     00004000  _g_FirstAddr                       crt0
     00004000  _g_HeaderAddr                      crt0
     00004018  _g_AppSignature                    crt0
     0000405A  _HBlankHook                        light
     0000406F  _g_Font_MGL_Sample8                light
     00004673  _g_DataTileGM2_Names               light
     00004823  _g_DataTileGM2_Patterns            light
     00004B1B  _g_DataTileGM2_Colors              light
     00004E13  _g_DataMapGM2_Names                light
     00005A13  _g_DataMapGM2_Patterns             light
     00005D0B  _g_DataMapGM2_Colors               light
     00006003  _g_DataSprtLayer                   light
     00006683  _InterruptHook                     light
     0000669C  _VBlankHook                        light
     000066A2  _WaitVBlank                        light
     000066B8  _main                              light
     0000696A  _Print_SplitColor                  print
     0000699C  _g_HexChar                         print
     000069AC  _Print_MergeColor                  print
     00006A0C  _Print_Initialize                  print
     00006B00  _Print_SetMode                     print
     00006B87  _Print_SetFont                     print
     00006C61  _Print_InitColorBuffer             print
     00006E22  _Print_SetColor                    print
     00006F1D  _Print_SetColorShade               print
     00006FD5  _Print_ValidateChar                print
     00007021  _Print_ValidatePattern             print
     000070F0  _Print_SetBitmapFont               print
     000070FA  _DrawChar_8B                       print
     00007222  _DrawChar_4B                       print
     0000731A  _DrawChar_2B                       print
     000073F0  _DrawChar_Trans                    print
     000076E8  _Print_SetVRAMFont                 print
     00007861  _DrawChar_VRAM256                  print
     00007927  _DrawChar_VRAM512                  print
     000079ED  _CopyNo8HeightFontData             print
     00007A4E  _Print_SetTextFont                 print
     00007D7A  _DrawChar_Layout                   print
     00007DC0  _Print_SetSpriteFont               print
     00007F1F  _DrawChar_Sprite                   print
     00007F57  _Print_SetShadow                   print
     00007F91  _Print_EnableShadow                print
     00007FB4  _Print_SetOutline                  print
     00007FC1  _Print_EnableOutline               print
     00007FE4  _Print_Clear                       print
     0000803A  _Print_Backspace                   print
     0000812E  _Print_DrawChar                    print
     0000816E  _Print_DrawCharX                   print
     00008180  _Print_DrawText                    print
     00008210  _Print_DrawBin8                    print
ASxxxx Linker V03.00 + NoICE + sdld,  page 7.
Hexadecimal  [32-Bits]

Area                                    Addr        Size        Decimal Bytes (Attributes)
--------------------------------        ----        ----        ------- ----- ------------
_CODE                               00004000    00005F5D =       24413. bytes (REL,CON)

      Value  Global                              Global Defined In Module
      -----  --------------------------------   ------------------------
     00008233  _Print_DrawHex8                    print
     00008259  _Print_DrawHex16                   print
     00008264  _Print_DrawHex32                   print
     0000826F  _Print_DrawInt                     print
     0000833F  _Print_DrawFormat                  print
     000089FD  _Print_DrawLineH                   print
     00008A1E  _Print_DrawLineV                   print
     00008A5F  _Print_DrawBox                     print
     00008B1D  _VDP_SetModeFlag                   vdp
     00008B46  _VDP_SetModeText1                  vdp
     00008B5D  _VDP_SetModeMultiColor             vdp
     00008B86  _VDP_SetModeGraphic1               vdp
     00008BB7  _VDP_SetModeGraphic2               vdp
     00008BE9  _VDP_ClearVRAM                     vdp
     00008C24  _VDP_WriteVRAM_16K                 vdp
     00008C5B  _VDP_FillVRAM_16K                  vdp
     00008C80  _VDP_ReadVRAM_16K                  vdp
     00008CB6  _VDP_Peek_16K                      vdp
     00008CCB  _VDP_Poke_16K                      vdp
     00008CE3  _VDP_SetModeText2                  vdp
     00008D03  _VDP_SetModeGraphic3               vdp
     00008D35  _VDP_SetModeGraphic4               vdp
     00008D55  _VDP_SetModeGraphic5               vdp
     00008D75  _VDP_SetModeGraphic6               vdp
     00008D95  _VDP_SetModeGraphic7               vdp
     00008DB5  _VDP_ReadStatus                    vdp
     00008DC9  _VDP_SetAdjustOffset               vdp
     00008DD3  _VDP_SetPalette                    vdp
     00008DE3  _VDP_SetPaletteEntry               vdp
     00008DF2  _VDP_WriteVRAM_128K                vdp
     00008E35  _VDP_FillVRAM_128K                 vdp
     00008E70  _VDP_ReadVRAM_128K                 vdp
     00008EB8  _VDP_Poke_128K                     vdp
     00008EE3  _VDP_Peek_128K                     vdp
     00008F0B  _VDP_CommandWait                   vdp
     00008F24  _VPD_CommandSetupR32               vdp
     00008F57  _VPD_CommandSetupR36               vdp
     00008F82  _VPD_CommandWriteLoop              vdp
     00008FAA  _VDP_Initialize                    vdp
     00008FC6  _VDP_SetMode                       vdp
     000090C2  _VDP_GetVersion                    vdp
     00009111  _VDP_RegWrite                      vdp
     0000911D  _VDP_RegWriteBak                   vdp
     00009130  _VDP_RegWriteBakMask               vdp
     0000914F  _VDP_ReadDefaultStatus             vdp
     00009152  _VDP_SetPage                       vdp
     00009160  _VDP_SetLayoutTable                vdp
     000091C3  _VDP_SetColorTable                 vdp
     0000925C  _VDP_SetPatternTable               vdp
     000092BC  _VDP_SetSpriteAttributeTable       vdp
     0000935F  _VDP_SetSpritePatternTable         vdp
ASxxxx Linker V03.00 + NoICE + sdld,  page 8.
Hexadecimal  [32-Bits]

Area                                    Addr        Size        Decimal Bytes (Attributes)
--------------------------------        ----        ----        ------- ----- ------------
_CODE                               00004000    00005F5D =       24413. bytes (REL,CON)

      Value  Global                              Global Defined In Module
      -----  --------------------------------   ------------------------
     0000937E  _VDP_LoadSpritePattern             vdp
     000093AE  _VDP_SetSpriteSM1                  vdp
     000093F1  _VDP_SetSprite                     vdp
     0000942C  _VDP_SetSpriteExMultiColor         vdp
     00009490  _VDP_SetSpriteExUniColor           vdp
     000094F1  _VDP_SetSpritePosition             vdp
     00009525  _VDP_SetSpritePositionX            vdp
     0000953D  _VDP_SetSpritePositionY            vdp
     00009554  _VDP_SetSpritePattern              vdp
     0000956D  _VDP_SetSpriteColorSM1             vdp
     00009587  _VDP_SetSpriteUniColor             vdp
     000095A4  _VDP_SetSpriteMultiColor           vdp
     000095C2  _VDP_SetSpriteData                 vdp
     000095DE  _VDP_DisableSpritesFrom            vdp
     000095EF  _VDP_SetBlinkTile                  vdp
     00009698  _VDP_LoadPattern_GM2               vdp
     0000970E  _VDP_LoadColor_GM2                 vdp
     00009784  _VDP_WriteLayout_GM2               vdp
     000097EF  _VDP_FillLayout_GM2                vdp
     00009845  _Scroll_Initialize                 scroll
     000098D6  _Scroll_SetOffsetH                 scroll
     00009917  _Scroll_SetOffsetV                 scroll
     00009955  _Scroll_HBlankAdjust               scroll
     00009977  _Scroll_Update                     scroll
     00009B3F  __moduchar                         
     00009B46  __moduint                          
     00009B4B  __divuchar                         
     00009B4D  __divu8                            
     00009B50  __divu16                           
     00009B50  __divuint                          
     00009B7F  _Bios_Exit                         bios
     00009B87  _Bios_SetHookCallback              bios
     00009BA6  _Bios_InterSlotRead                bios
     00009BAC  _Bios_InterSlotWrite               bios
     00009BC1  _Bios_InterSlotCall                bios
     00009BD3  _Bios_SwitchSlot                   bios
     00009BDE  _Bios_WriteVDP                     bios
     00009BE4  _Bios_WriteVRAM                    bios
     00009BF3  _Bios_FillVRAM                     bios
     00009C04  _Bios_TransfertVRAMtoRAM           bios
     00009C16  _Bios_TransfertRAMtoVRAM           bios
     00009C28  _Bios_ChangeColor                  bios
     00009C41  _Bios_InitScreen0Ex                bios
     00009C71  _Bios_InitScreen1Ex                bios
     00009CBC  _Bios_InitScreen2Ex                bios
     00009D07  _Bios_InitScreen3Ex                bios
     00009D52  _Bios_GetPatternTableAddress       bios
     00009D57  _Bios_GetAttributeTableAddress     bios
     00009D5C  _Bios_GraphPrintCharEx             bios
     00009D83  _Bios_WritePSG                     bios
     00009D88  _Bios_HasCharacter                 bios
ASxxxx Linker V03.00 + NoICE + sdld,  page 9.
Hexadecimal  [32-Bits]

Area                                    Addr        Size        Decimal Bytes (Attributes)
--------------------------------        ----        ----        ------- ----- ------------
_CODE                               00004000    00005F5D =       24413. bytes (REL,CON)

      Value  Global                              Global Defined In Module
      -----  --------------------------------   ------------------------
     00009D93  _Bios_ClearScreen                  bios
     00009D98  _Bios_SetCursorPosition            bios
     00009D9D  __mulint                           
     00009D9F  __mul16                            
     00009DB4  ___sdcc_call_hl                    
     00009DB5  _Input_Detect                      input
     00009DD0  _Joystick_Read                     input
     00009DE1  _Keyboard_Read                     input
     00009DEC  _Keyboard_IsKeyPressed             input
     00009E17  _Sys_GetPageSlot                   system
     00009E6A  _Sys_SetPageSlot                   system
     00009E6B  _Sys_SetPage0Slot                  system
     00009EB1  _Sys_CheckSlot                     system
     00009F15  __modschar                         
     00009F1D  __modsint                          
     00009F23  __divschar                         
     00009F25  __div8                             
     00009F29  __div_signexte                     
     00009F2D  __div16                            
     00009F2D  __divsint                          
     00009F53  __get_remainder                    

ASxxxx Linker V03.00 + NoICE + sdld,  page 10.
Hexadecimal  [32-Bits]

Area                                    Addr        Size        Decimal Bytes (Attributes)
--------------------------------        ----        ----        ------- ----- ------------
_HOME                               00009F5D    00000221 =         545. bytes (REL,CON)

      Value  Global                              Global Defined In Module
      -----  --------------------------------   ------------------------
     00009F5D  __modslong                         _modslong
     00009FE5  __modulong                         _modulong
     0000A074  __divslong                         _divslong
     0000A104  __divulong                         _divulong

ASxxxx Linker V03.00 + NoICE + sdld,  page 11.
Hexadecimal  [32-Bits]

Area                                    Addr        Size        Decimal Bytes (Attributes)
--------------------------------        ----        ----        ------- ----- ------------
_INITIALIZER                        0000A17E    0000000C =          12. bytes (REL,CON)

      Value  Global                              Global Defined In Module
      -----  --------------------------------   ------------------------
ASxxxx Linker V03.00 + NoICE + sdld,  page 12.
Hexadecimal  [32-Bits]

Area                                    Addr        Size        Decimal Bytes (Attributes)
--------------------------------        ----        ----        ------- ----- ------------
_GSFINAL                            0000A18A    00000000 =           0. bytes (REL,CON)

      Value  Global                              Global Defined In Module
      -----  --------------------------------   ------------------------
     0000A18A  _g_LastAddr                        crt0

ASxxxx Linker V03.00 + NoICE + sdld,  page 13.
Hexadecimal  [32-Bits]

Area                                    Addr        Size        Decimal Bytes (Attributes)
--------------------------------        ----        ----        ------- ----- ------------
_DATA                               0000C000    00000089 =         137. bytes (REL,CON)

      Value  Global                              Global Defined In Module
      -----  --------------------------------   ------------------------
     0000C000  _g_HeapStartAddress                crt0
     0000C002  _g_PrintData                       print
     0000C03D  _g_VDP_REGSAV                      vdp
     0000C059  _g_VDP_Data                        vdp
     0000C05B  _g_VDP_Command                     vdp
     0000C06A  _g_VDP_Sprite                      vdp
     0000C06E  _g_ScreenLayoutLow                 vdp
     0000C070  _g_ScreenColorLow                  vdp
     0000C072  _g_ScreenPatternLow                vdp
     0000C074  _g_SpriteAttributeLow              vdp
     0000C076  _g_SpritePatternLow                vdp
     0000C078  _g_SpriteColorLow                  vdp
     0000C07A  _g_ScreenLayoutHigh                vdp
     0000C07B  _g_ScreenColorHigh                 vdp
     0000C07C  _g_ScreenPatternHigh               vdp
     0000C07D  _g_SpriteAttributeHigh             vdp
     0000C07E  _g_SpritePatternHigh               vdp
     0000C07F  _g_SpriteColorHigh                 vdp
     0000C080  _g_Scroll_Map                      scroll
     0000C082  _g_Scroll_OffsetX                  scroll
     0000C084  _g_Scroll_TileX                    scroll
     0000C085  _g_Scroll_OffsetY                  scroll
     0000C087  _g_Scroll_TileY                    scroll
     0000C088  _g_Scroll_Adjust                   scroll
ASxxxx Linker V03.00 + NoICE + sdld,  page 14.
Hexadecimal  [32-Bits]

Area                                    Addr        Size        Decimal Bytes (Attributes)
--------------------------------        ----        ----        ------- ----- ------------
_INITIALIZED                        0000C089    0000000C =          12. bytes (REL,CON)

      Value  Global                              Global Defined In Module
      -----  --------------------------------   ------------------------
     0000C089  _g_ScrollSpeed                     light
     0000C08A  _g_VBlank                          light
     0000C08B  _g_HBlank                          light
     0000C08C  _g_PrintInvalid                    print
     0000C094  _g_VDPInitilized                   vdp

ASxxxx Linker V03.00 + NoICE + sdld,  page 15.

Files Linked                              [ module(s) ]

F:\www\light\src/out/crt0_rom32.rel       [ crt0 ]
F:\www\light\src/out/light.rel            [ light ]


Libraries Linked                          [ object file ]

F:\www\light\src/out/msxgl.lib            [ print.rel ]
F:\www\light\src/out/msxgl.lib            [ vdp.rel ]
F:\www\light\src/out/msxgl.lib            [ scroll.rel ]
F:\www\light\MSXgl\tools/sdcc/lib/z80/z80.lib
                                          [ modunsigned.rel ]
F:\www\light\MSXgl\tools/sdcc/lib/z80/z80.lib
                                          [ divunsigned.rel ]
F:\www\light\src/out/msxgl.lib            [ bios.rel ]
F:\www\light\MSXgl\tools/sdcc/lib/z80/z80.lib
                                          [ mul.rel ]
F:\www\light\MSXgl\tools/sdcc/lib/z80/z80.lib
                                          [ _modslong.rel ]
F:\www\light\MSXgl\tools/sdcc/lib/z80/z80.lib
                                          [ _modulong.rel ]
F:\www\light\MSXgl\tools/sdcc/lib/z80/z80.lib
                                          [ _divslong.rel ]
F:\www\light\MSXgl\tools/sdcc/lib/z80/z80.lib
                                          [ _divulong.rel ]
F:\www\light\MSXgl\tools/sdcc/lib/z80/z80.lib
                                          [ __sdcc_call_hl.rel ]
F:\www\light\src/out/msxgl.lib            [ input.rel ]
F:\www\light\src/out/msxgl.lib            [ system.rel ]
F:\www\light\MSXgl\tools/sdcc/lib/z80/z80.lib
                                          [ modsigned.rel ]
F:\www\light\MSXgl\tools/sdcc/lib/z80/z80.lib
                                          [ divsigned.rel ]

ASxxxx Linker V03.00 + NoICE + sdld,  page 16.

User Base Address Definitions

_CODE = 0x4000
_DATA = 0xc000

